src/app/admin/page.tsx(1,10): error TS2724: '"@supabase/auth-helpers-nextjs"' has no exported member named 'createServerComponentClient'. Did you mean 'createServerClient'?
src/app/admin/verify/[id]/page.tsx(4,10): error TS2305: Module '"@supabase/auth-helpers-nextjs"' has no exported member 'createClientComponentClient'.
src/app/api/salaries/route.ts(72,44): error TS2769: No overload matches this call.
  Overload 1 of 2, '(predicate: (value: { totalComp: any; Company: { name: any; }[]; Role: { title: any; }[]; Location: { city: any; state: any; }[]; }, index: number, array: { totalComp: any; Company: { name: any; }[]; Role: { title: any; }[]; Location: { ...; }[]; }[]) => value is { ...; }, thisArg?: any): { ...; }[]', gave the following error.
    Argument of type '(s: SalaryData) => boolean | ""' is not assignable to parameter of type '(value: { totalComp: any; Company: { name: any; }[]; Role: { title: any; }[]; Location: { city: any; state: any; }[]; }, index: number, array: { totalComp: any; Company: { name: any; }[]; Role: { title: any; }[]; Location: { city: any; state: any; }[]; }[]) => value is { ...; }'.
      Types of parameters 's' and 'value' are incompatible.
        Type '{ totalComp: any; Company: { name: any; }[]; Role: { title: any; }[]; Location: { city: any; state: any; }[]; }' is not assignable to type 'SalaryData'.
          Types of property 'Company' are incompatible.
            Property 'name' is missing in type '{ name: any; }[]' but required in type '{ name: string; }'.
  Overload 2 of 2, '(predicate: (value: { totalComp: any; Company: { name: any; }[]; Role: { title: any; }[]; Location: { city: any; state: any; }[]; }, index: number, array: { totalComp: any; Company: { name: any; }[]; Role: { title: any; }[]; Location: { ...; }[]; }[]) => unknown, thisArg?: any): { ...; }[]', gave the following error.
    Argument of type '(s: SalaryData) => boolean | ""' is not assignable to parameter of type '(value: { totalComp: any; Company: { name: any; }[]; Role: { title: any; }[]; Location: { city: any; state: any; }[]; }, index: number, array: { totalComp: any; Company: { name: any; }[]; Role: { title: any; }[]; Location: { city: any; state: any; }[]; }[]) => unknown'.
      Types of parameters 's' and 'value' are incompatible.
        Type '{ totalComp: any; Company: { name: any; }[]; Role: { title: any; }[]; Location: { city: any; state: any; }[]; }' is not assignable to type 'SalaryData'.
          Types of property 'Company' are incompatible.
            Property 'name' is missing in type '{ name: any; }[]' but required in type '{ name: string; }'.
src/app/api/salaries/route.ts(79,49): error TS2345: Argument of type '(s: SalaryData) => number' is not assignable to parameter of type '(value: { totalComp: any; Company: { name: any; }[]; Role: { title: any; }[]; Location: { city: any; state: any; }[]; }, index: number, array: { totalComp: any; Company: { name: any; }[]; Role: { title: any; }[]; Location: { city: any; state: any; }[]; }[]) => number'.
  Types of parameters 's' and 'value' are incompatible.
    Type '{ totalComp: any; Company: { name: any; }[]; Role: { title: any; }[]; Location: { city: any; state: any; }[]; }' is not assignable to type 'SalaryData'.
      Types of property 'Company' are incompatible.
        Property 'name' is missing in type '{ name: any; }[]' but required in type '{ name: string; }'.
src/app/api/salaries/route.ts(122,28): error TS2345: Argument of type '(s: SalaryData) => void' is not assignable to parameter of type '(value: { totalComp: any; Company: { name: any; }[]; Role: { title: any; }[]; Location: { city: any; }[]; }, index: number, array: { totalComp: any; Company: { name: any; }[]; Role: { title: any; }[]; Location: { city: any; }[]; }[]) => void'.
  Types of parameters 's' and 'value' are incompatible.
    Type '{ totalComp: any; Company: { name: any; }[]; Role: { title: any; }[]; Location: { city: any; }[]; }' is not assignable to type 'SalaryData'.
      Types of property 'Company' are incompatible.
        Property 'name' is missing in type '{ name: any; }[]' but required in type '{ name: string; }'.
src/app/api/salaries/route.ts(145,26): error TS2345: Argument of type '(s: SalaryData) => void' is not assignable to parameter of type '(value: { totalComp: any; Company: { name: any; }[]; Role: { title: any; }[]; Location: { city: any; }[]; }, index: number, array: { totalComp: any; Company: { name: any; }[]; Role: { title: any; }[]; Location: { city: any; }[]; }[]) => void'.
  Types of parameters 's' and 'value' are incompatible.
    Type '{ totalComp: any; Company: { name: any; }[]; Role: { title: any; }[]; Location: { city: any; }[]; }' is not assignable to type 'SalaryData'.
      Types of property 'Company' are incompatible.
        Property 'name' is missing in type '{ name: any; }[]' but required in type '{ name: string; }'.
src/app/auth/callback/route.ts(1,10): error TS2305: Module '"@supabase/auth-helpers-nextjs"' has no exported member 'createRouteHandlerClient'.
src/app/auth/signout/route.ts(1,10): error TS2305: Module '"@supabase/auth-helpers-nextjs"' has no exported member 'createRouteHandlerClient'.
src/app/dashboard/page.tsx(1,10): error TS2724: '"@supabase/auth-helpers-nextjs"' has no exported member named 'createServerComponentClient'. Did you mean 'createServerClient'?
src/components/auth/auth-form.tsx(4,10): error TS2305: Module '"@supabase/auth-helpers-nextjs"' has no exported member 'createClientComponentClient'.
src/components/dashboard/submissions-list.tsx(4,10): error TS2305: Module '"@supabase/auth-helpers-nextjs"' has no exported member 'createClientComponentClient'.
src/components/tools/equity-chart.tsx(61,25): error TS2322: Type '(value: number) => [string, "Value"]' is not assignable to type 'Formatter<number, "Value"> & ((value: number, name: "Value", item: Payload<number, "Value">, index: number, payload: Payload<number, "Value">[]) => ReactNode | [...])'.
  Type '(value: number) => [string, "Value"]' is not assignable to type 'Formatter<number, "Value">'.
    Types of parameters 'value' and 'value' are incompatible.
      Type 'number | undefined' is not assignable to type 'number'.
        Type 'undefined' is not assignable to type 'number'.
src/components/upload/file-uploader.tsx(5,10): error TS2305: Module '"@supabase/auth-helpers-nextjs"' has no exported member 'createClientComponentClient'.
src/middleware.ts(1,10): error TS2305: Module '"@supabase/auth-helpers-nextjs"' has no exported member 'createMiddlewareClient'.
